Lint Typecheck Security	Set up job	ï»¿2026-02-26T08:33:33.6412271Z Current runner version: '2.331.0'
Lint Typecheck Security	Set up job	2026-02-26T08:33:33.6438300Z ##[group]Runner Image Provisioner
Lint Typecheck Security	Set up job	2026-02-26T08:33:33.6439161Z Hosted Compute Agent
Lint Typecheck Security	Set up job	2026-02-26T08:33:33.6439621Z Version: 20260213.493
Lint Typecheck Security	Set up job	2026-02-26T08:33:33.6440492Z Commit: 5c115507f6dd24b8de37d8bbe0bb4509d0cc0fa3
Lint Typecheck Security	Set up job	2026-02-26T08:33:33.6441157Z Build Date: 2026-02-13T00:28:41Z
Lint Typecheck Security	Set up job	2026-02-26T08:33:33.6441749Z Worker ID: {83d1097f-b25e-4979-83ed-b78c3c112113}
Lint Typecheck Security	Set up job	2026-02-26T08:33:33.6442333Z Azure Region: northcentralus
Lint Typecheck Security	Set up job	2026-02-26T08:33:33.6442877Z ##[endgroup]
Lint Typecheck Security	Set up job	2026-02-26T08:33:33.6444187Z ##[group]Operating System
Lint Typecheck Security	Set up job	2026-02-26T08:33:33.6444711Z Ubuntu
Lint Typecheck Security	Set up job	2026-02-26T08:33:33.6445182Z 24.04.3
Lint Typecheck Security	Set up job	2026-02-26T08:33:33.6445550Z LTS
Lint Typecheck Security	Set up job	2026-02-26T08:33:33.6445946Z ##[endgroup]
Lint Typecheck Security	Set up job	2026-02-26T08:33:33.6446354Z ##[group]Runner Image
Lint Typecheck Security	Set up job	2026-02-26T08:33:33.6446841Z Image: ubuntu-24.04
Lint Typecheck Security	Set up job	2026-02-26T08:33:33.6447268Z Version: 20260224.36.1
Lint Typecheck Security	Set up job	2026-02-26T08:33:33.6448169Z Included Software: https://github.com/actions/runner-images/blob/ubuntu24/20260224.36/images/ubuntu/Ubuntu2404-Readme.md
Lint Typecheck Security	Set up job	2026-02-26T08:33:33.6449601Z Image Release: https://github.com/actions/runner-images/releases/tag/ubuntu24%2F20260224.36
Lint Typecheck Security	Set up job	2026-02-26T08:33:33.6450563Z ##[endgroup]
Lint Typecheck Security	Set up job	2026-02-26T08:33:33.6451406Z ##[group]GITHUB_TOKEN Permissions
Lint Typecheck Security	Set up job	2026-02-26T08:33:33.6453178Z Contents: read
Lint Typecheck Security	Set up job	2026-02-26T08:33:33.6453749Z Metadata: read
Lint Typecheck Security	Set up job	2026-02-26T08:33:33.6454154Z ##[endgroup]
Lint Typecheck Security	Set up job	2026-02-26T08:33:33.6456103Z Secret source: Actions
Lint Typecheck Security	Set up job	2026-02-26T08:33:33.6456817Z Prepare workflow directory
Lint Typecheck Security	Set up job	2026-02-26T08:33:33.6838970Z Prepare all required actions
Lint Typecheck Security	Set up job	2026-02-26T08:33:33.6877894Z Getting action download info
Lint Typecheck Security	Set up job	2026-02-26T08:33:34.0022198Z Download action repository 'actions/checkout@v6' (SHA:de0fac2e4500dabe0009e67214ff5f5447ce83dd)
Lint Typecheck Security	Set up job	2026-02-26T08:33:34.1305558Z Download action repository 'actions/setup-python@v6' (SHA:a309ff8b426b58ec0e2a45f0f869d46889d02405)
Lint Typecheck Security	Set up job	2026-02-26T08:33:34.2799373Z Complete job name: Lint Typecheck Security
Lint Typecheck Security	Run actions/checkout@v6	ï»¿2026-02-26T08:33:34.3437127Z ##[group]Run actions/checkout@v6
Lint Typecheck Security	Run actions/checkout@v6	2026-02-26T08:33:34.3438405Z with:
Lint Typecheck Security	Run actions/checkout@v6	2026-02-26T08:33:34.3439094Z   repository: sgajbi/lotus-performance
Lint Typecheck Security	Run actions/checkout@v6	2026-02-26T08:33:34.3440512Z   token: ***
Lint Typecheck Security	Run actions/checkout@v6	2026-02-26T08:33:34.3441182Z   ssh-strict: true
Lint Typecheck Security	Run actions/checkout@v6	2026-02-26T08:33:34.3441843Z   ssh-user: git
Lint Typecheck Security	Run actions/checkout@v6	2026-02-26T08:33:34.3442600Z   persist-credentials: true
Lint Typecheck Security	Run actions/checkout@v6	2026-02-26T08:33:34.3443212Z   clean: true
Lint Typecheck Security	Run actions/checkout@v6	2026-02-26T08:33:34.3443633Z   sparse-checkout-cone-mode: true
Lint Typecheck Security	Run actions/checkout@v6	2026-02-26T08:33:34.3444147Z   fetch-depth: 1
Lint Typecheck Security	Run actions/checkout@v6	2026-02-26T08:33:34.3444560Z   fetch-tags: false
Lint Typecheck Security	Run actions/checkout@v6	2026-02-26T08:33:34.3444993Z   show-progress: true
Lint Typecheck Security	Run actions/checkout@v6	2026-02-26T08:33:34.3445427Z   lfs: false
Lint Typecheck Security	Run actions/checkout@v6	2026-02-26T08:33:34.3445827Z   submodules: false
Lint Typecheck Security	Run actions/checkout@v6	2026-02-26T08:33:34.3446238Z   set-safe-directory: true
Lint Typecheck Security	Run actions/checkout@v6	2026-02-26T08:33:34.3447052Z env:
Lint Typecheck Security	Run actions/checkout@v6	2026-02-26T08:33:34.3447443Z   PIP_DISABLE_PIP_VERSION_CHECK: 1
Lint Typecheck Security	Run actions/checkout@v6	2026-02-26T08:33:34.3447984Z   PYTHONUNBUFFERED: 1
Lint Typecheck Security	Run actions/checkout@v6	2026-02-26T08:33:34.3448420Z   PYTHON_VERSION: 3.11
Lint Typecheck Security	Run actions/checkout@v6	2026-02-26T08:33:34.3448862Z ##[endgroup]
Lint Typecheck Security	Run actions/checkout@v6	2026-02-26T08:33:34.4497213Z Syncing repository: sgajbi/lotus-performance
Lint Typecheck Security	Run actions/checkout@v6	2026-02-26T08:33:34.4499239Z ##[group]Getting Git version info
Lint Typecheck Security	Run actions/checkout@v6	2026-02-26T08:33:34.4500138Z Working directory is '/home/runner/work/lotus-performance/lotus-performance'
Lint Typecheck Security	Run actions/checkout@v6	2026-02-26T08:33:34.4501140Z [command]/usr/bin/git version
Lint Typecheck Security	Run actions/checkout@v6	2026-02-26T08:33:34.4544364Z git version 2.53.0
Lint Typecheck Security	Run actions/checkout@v6	2026-02-26T08:33:34.4565391Z ##[endgroup]
Lint Typecheck Security	Run actions/checkout@v6	2026-02-26T08:33:34.4580427Z Temporarily overriding HOME='/home/runner/work/_temp/0ddae973-966d-4df7-8c59-66dede8b7ec4' before making global git config changes
Lint Typecheck Security	Run actions/checkout@v6	2026-02-26T08:33:34.4582651Z Adding repository directory to the temporary git global config as a safe directory
Lint Typecheck Security	Run actions/checkout@v6	2026-02-26T08:33:34.4586816Z [command]/usr/bin/git config --global --add safe.directory /home/runner/work/lotus-performance/lotus-performance
Lint Typecheck Security	Run actions/checkout@v6	2026-02-26T08:33:34.4623947Z Deleting the contents of '/home/runner/work/lotus-performance/lotus-performance'
Lint Typecheck Security	Run actions/checkout@v6	2026-02-26T08:33:34.4627436Z ##[group]Initializing the repository
Lint Typecheck Security	Run actions/checkout@v6	2026-02-26T08:33:34.4632704Z [command]/usr/bin/git init /home/runner/work/lotus-performance/lotus-performance
Lint Typecheck Security	Run actions/checkout@v6	2026-02-26T08:33:34.4739005Z hint: Using 'master' as the name for the initial branch. This default branch name
Lint Typecheck Security	Run actions/checkout@v6	2026-02-26T08:33:34.4740881Z hint: will change to "main" in Git 3.0. To configure the initial branch name
Lint Typecheck Security	Run actions/checkout@v6	2026-02-26T08:33:34.4741899Z hint: to use in all of your new repositories, which will suppress this warning,
Lint Typecheck Security	Run actions/checkout@v6	2026-02-26T08:33:34.4742897Z hint: call:
Lint Typecheck Security	Run actions/checkout@v6	2026-02-26T08:33:34.4743415Z hint:
Lint Typecheck Security	Run actions/checkout@v6	2026-02-26T08:33:34.4744130Z hint: 	git config --global init.defaultBranch <name>
Lint Typecheck Security	Run actions/checkout@v6	2026-02-26T08:33:34.4744954Z hint:
Lint Typecheck Security	Run actions/checkout@v6	2026-02-26T08:33:34.4745719Z hint: Names commonly chosen instead of 'master' are 'main', 'trunk' and
Lint Typecheck Security	Run actions/checkout@v6	2026-02-26T08:33:34.4746929Z hint: 'development'. The just-created branch can be renamed via this command:
Lint Typecheck Security	Run actions/checkout@v6	2026-02-26T08:33:34.4747888Z hint:
Lint Typecheck Security	Run actions/checkout@v6	2026-02-26T08:33:34.4748475Z hint: 	git branch -m <name>
Lint Typecheck Security	Run actions/checkout@v6	2026-02-26T08:33:34.4749147Z hint:
Lint Typecheck Security	Run actions/checkout@v6	2026-02-26T08:33:34.4750247Z hint: Disable this message with "git config set advice.defaultBranchName false"
Lint Typecheck Security	Run actions/checkout@v6	2026-02-26T08:33:34.4751936Z Initialized empty Git repository in /home/runner/work/lotus-performance/lotus-performance/.git/
Lint Typecheck Security	Run actions/checkout@v6	2026-02-26T08:33:34.4754655Z [command]/usr/bin/git remote add origin https://github.com/sgajbi/lotus-performance
Lint Typecheck Security	Run actions/checkout@v6	2026-02-26T08:33:34.4786719Z ##[endgroup]
Lint Typecheck Security	Run actions/checkout@v6	2026-02-26T08:33:34.4787876Z ##[group]Disabling automatic garbage collection
Lint Typecheck Security	Run actions/checkout@v6	2026-02-26T08:33:34.4791681Z [command]/usr/bin/git config --local gc.auto 0
Lint Typecheck Security	Run actions/checkout@v6	2026-02-26T08:33:34.4816782Z ##[endgroup]
Lint Typecheck Security	Run actions/checkout@v6	2026-02-26T08:33:34.4817831Z ##[group]Setting up auth
Lint Typecheck Security	Run actions/checkout@v6	2026-02-26T08:33:34.4818569Z Removing SSH command configuration
Lint Typecheck Security	Run actions/checkout@v6	2026-02-26T08:33:34.4824948Z [command]/usr/bin/git config --local --name-only --get-regexp core\.sshCommand
Lint Typecheck Security	Run actions/checkout@v6	2026-02-26T08:33:34.4855006Z [command]/usr/bin/git submodule foreach --recursive sh -c "git config --local --name-only --get-regexp 'core\.sshCommand' && git config --local --unset-all 'core.sshCommand' || :"
Lint Typecheck Security	Run actions/checkout@v6	2026-02-26T08:33:34.5154293Z Removing HTTP extra header
Lint Typecheck Security	Run actions/checkout@v6	2026-02-26T08:33:34.5161031Z [command]/usr/bin/git config --local --name-only --get-regexp http\.https\:\/\/github\.com\/\.extraheader
Lint Typecheck Security	Run actions/checkout@v6	2026-02-26T08:33:34.5189187Z [command]/usr/bin/git submodule foreach --recursive sh -c "git config --local --name-only --get-regexp 'http\.https\:\/\/github\.com\/\.extraheader' && git config --local --unset-all 'http.https://github.com/.extraheader' || :"
Lint Typecheck Security	Run actions/checkout@v6	2026-02-26T08:33:34.5365700Z Removing includeIf entries pointing to credentials config files
Lint Typecheck Security	Run actions/checkout@v6	2026-02-26T08:33:34.5372622Z [command]/usr/bin/git config --local --name-only --get-regexp ^includeIf\.gitdir:
Lint Typecheck Security	Run actions/checkout@v6	2026-02-26T08:33:34.5401134Z [command]/usr/bin/git submodule foreach --recursive git config --local --show-origin --name-only --get-regexp remote.origin.url
Lint Typecheck Security	Run actions/checkout@v6	2026-02-26T08:33:34.5584661Z [command]/usr/bin/git config --file /home/runner/work/_temp/git-credentials-6a2f5446-4a7f-4054-ba2f-f195897c6cd5.config http.https://github.com/.extraheader AUTHORIZATION: basic ***
Lint Typecheck Security	Run actions/checkout@v6	2026-02-26T08:33:34.5616984Z [command]/usr/bin/git config --local includeIf.gitdir:/home/runner/work/lotus-performance/lotus-performance/.git.path /home/runner/work/_temp/git-credentials-6a2f5446-4a7f-4054-ba2f-f195897c6cd5.config
Lint Typecheck Security	Run actions/checkout@v6	2026-02-26T08:33:34.5640665Z [command]/usr/bin/git config --local includeIf.gitdir:/home/runner/work/lotus-performance/lotus-performance/.git/worktrees/*.path /home/runner/work/_temp/git-credentials-6a2f5446-4a7f-4054-ba2f-f195897c6cd5.config
Lint Typecheck Security	Run actions/checkout@v6	2026-02-26T08:33:34.5663438Z [command]/usr/bin/git config --local includeIf.gitdir:/github/workspace/.git.path /github/runner_temp/git-credentials-6a2f5446-4a7f-4054-ba2f-f195897c6cd5.config
Lint Typecheck Security	Run actions/checkout@v6	2026-02-26T08:33:34.5686216Z [command]/usr/bin/git config --local includeIf.gitdir:/github/workspace/.git/worktrees/*.path /github/runner_temp/git-credentials-6a2f5446-4a7f-4054-ba2f-f195897c6cd5.config
Lint Typecheck Security	Run actions/checkout@v6	2026-02-26T08:33:34.5740167Z ##[endgroup]
Lint Typecheck Security	Run actions/checkout@v6	2026-02-26T08:33:34.5740852Z ##[group]Fetching the repository
Lint Typecheck Security	Run actions/checkout@v6	2026-02-26T08:33:34.5748956Z [command]/usr/bin/git -c protocol.version=2 fetch --no-tags --prune --no-recurse-submodules --depth=1 origin +bdd6c494c17a4643c16c977ea32e34f8d011afb3:refs/remotes/pull/44/merge
Lint Typecheck Security	Run actions/checkout@v6	2026-02-26T08:33:34.8985284Z From https://github.com/sgajbi/lotus-performance
Lint Typecheck Security	Run actions/checkout@v6	2026-02-26T08:33:34.8986434Z  * [new ref]         bdd6c494c17a4643c16c977ea32e34f8d011afb3 -> pull/44/merge
Lint Typecheck Security	Run actions/checkout@v6	2026-02-26T08:33:34.9014945Z ##[endgroup]
Lint Typecheck Security	Run actions/checkout@v6	2026-02-26T08:33:34.9015795Z ##[group]Determining the checkout info
Lint Typecheck Security	Run actions/checkout@v6	2026-02-26T08:33:34.9016685Z ##[endgroup]
Lint Typecheck Security	Run actions/checkout@v6	2026-02-26T08:33:34.9021387Z [command]/usr/bin/git sparse-checkout disable
Lint Typecheck Security	Run actions/checkout@v6	2026-02-26T08:33:34.9061556Z [command]/usr/bin/git config --local --unset-all extensions.worktreeConfig
Lint Typecheck Security	Run actions/checkout@v6	2026-02-26T08:33:34.9088444Z ##[group]Checking out the ref
Lint Typecheck Security	Run actions/checkout@v6	2026-02-26T08:33:34.9093170Z [command]/usr/bin/git checkout --progress --force refs/remotes/pull/44/merge
Lint Typecheck Security	Run actions/checkout@v6	2026-02-26T08:33:34.9204041Z Note: switching to 'refs/remotes/pull/44/merge'.
Lint Typecheck Security	Run actions/checkout@v6	2026-02-26T08:33:34.9204800Z 
Lint Typecheck Security	Run actions/checkout@v6	2026-02-26T08:33:34.9205143Z You are in 'detached HEAD' state. You can look around, make experimental
Lint Typecheck Security	Run actions/checkout@v6	2026-02-26T08:33:34.9205903Z changes and commit them, and you can discard any commits you make in this
Lint Typecheck Security	Run actions/checkout@v6	2026-02-26T08:33:34.9206641Z state without impacting any branches by switching back to a branch.
Lint Typecheck Security	Run actions/checkout@v6	2026-02-26T08:33:34.9207120Z 
Lint Typecheck Security	Run actions/checkout@v6	2026-02-26T08:33:34.9207593Z If you want to create a new branch to retain commits you create, you may
Lint Typecheck Security	Run actions/checkout@v6	2026-02-26T08:33:34.9208704Z do so (now or later) by using -c with the switch command. Example:
Lint Typecheck Security	Run actions/checkout@v6	2026-02-26T08:33:34.9209121Z 
Lint Typecheck Security	Run actions/checkout@v6	2026-02-26T08:33:34.9209289Z   git switch -c <new-branch-name>
Lint Typecheck Security	Run actions/checkout@v6	2026-02-26T08:33:34.9209565Z 
Lint Typecheck Security	Run actions/checkout@v6	2026-02-26T08:33:34.9209918Z Or undo this operation with:
Lint Typecheck Security	Run actions/checkout@v6	2026-02-26T08:33:34.9210182Z 
Lint Typecheck Security	Run actions/checkout@v6	2026-02-26T08:33:34.9210329Z   git switch -
Lint Typecheck Security	Run actions/checkout@v6	2026-02-26T08:33:34.9210538Z 
Lint Typecheck Security	Run actions/checkout@v6	2026-02-26T08:33:34.9210860Z Turn off this advice by setting config variable advice.detachedHead to false
Lint Typecheck Security	Run actions/checkout@v6	2026-02-26T08:33:34.9211353Z 
Lint Typecheck Security	Run actions/checkout@v6	2026-02-26T08:33:34.9211877Z HEAD is now at bdd6c49 Merge 08dd3fd715f980a199003431e724bd1bcf7bd590 into 2feb9c1b1e02558fbec0135e536a30bca96bccde
Lint Typecheck Security	Run actions/checkout@v6	2026-02-26T08:33:34.9214237Z ##[endgroup]
Lint Typecheck Security	Run actions/checkout@v6	2026-02-26T08:33:34.9246319Z [command]/usr/bin/git log -1 --format=%H
Lint Typecheck Security	Run actions/checkout@v6	2026-02-26T08:33:34.9267650Z bdd6c494c17a4643c16c977ea32e34f8d011afb3
Lint Typecheck Security	Run actions/setup-python@v6	ï»¿2026-02-26T08:33:34.9481779Z ##[group]Run actions/setup-python@v6
Lint Typecheck Security	Run actions/setup-python@v6	2026-02-26T08:33:34.9482294Z with:
Lint Typecheck Security	Run actions/setup-python@v6	2026-02-26T08:33:34.9482605Z   python-version: 3.11
Lint Typecheck Security	Run actions/setup-python@v6	2026-02-26T08:33:34.9483003Z   cache: pip
Lint Typecheck Security	Run actions/setup-python@v6	2026-02-26T08:33:34.9483321Z   check-latest: false
Lint Typecheck Security	Run actions/setup-python@v6	2026-02-26T08:33:34.9483828Z   token: ***
Lint Typecheck Security	Run actions/setup-python@v6	2026-02-26T08:33:34.9484162Z   update-environment: true
Lint Typecheck Security	Run actions/setup-python@v6	2026-02-26T08:33:34.9484546Z   allow-prereleases: false
Lint Typecheck Security	Run actions/setup-python@v6	2026-02-26T08:33:34.9484922Z   freethreaded: false
Lint Typecheck Security	Run actions/setup-python@v6	2026-02-26T08:33:34.9485254Z env:
Lint Typecheck Security	Run actions/setup-python@v6	2026-02-26T08:33:34.9485584Z   PIP_DISABLE_PIP_VERSION_CHECK: 1
Lint Typecheck Security	Run actions/setup-python@v6	2026-02-26T08:33:34.9485993Z   PYTHONUNBUFFERED: 1
Lint Typecheck Security	Run actions/setup-python@v6	2026-02-26T08:33:34.9486360Z   PYTHON_VERSION: 3.11
Lint Typecheck Security	Run actions/setup-python@v6	2026-02-26T08:33:34.9486700Z ##[endgroup]
Lint Typecheck Security	Run actions/setup-python@v6	2026-02-26T08:33:35.0691866Z ##[group]Installed versions
Lint Typecheck Security	Run actions/setup-python@v6	2026-02-26T08:33:35.0777066Z Successfully set up CPython (3.11.14)
Lint Typecheck Security	Run actions/setup-python@v6	2026-02-26T08:33:35.0778528Z ##[endgroup]
Lint Typecheck Security	Run actions/setup-python@v6	2026-02-26T08:33:35.1256472Z [command]/opt/hostedtoolcache/Python/3.11.14/x64/bin/pip cache dir
Lint Typecheck Security	Run actions/setup-python@v6	2026-02-26T08:33:35.4131446Z /home/runner/.cache/pip
Lint Typecheck Security	Run actions/setup-python@v6	2026-02-26T08:33:35.5500293Z Cache hit for: setup-python-Linux-x64-24.04-Ubuntu-python-3.11.14-pip-c16987926f89f26e7f65ad4964c0c05ab477cfb2f41870531f8f5bd82f142187
Lint Typecheck Security	Run actions/setup-python@v6	2026-02-26T08:33:36.5133629Z Received 115563143 of 115563143 (100.0%), 129.5 MBs/sec
Lint Typecheck Security	Run actions/setup-python@v6	2026-02-26T08:33:36.5134583Z Cache Size: ~110 MB (115563143 B)
Lint Typecheck Security	Run actions/setup-python@v6	2026-02-26T08:33:36.5250483Z [command]/usr/bin/tar -xf /home/runner/work/_temp/b594eb40-8c92-432c-a8b1-c5183959745e/cache.tzst -P -C /home/runner/work/lotus-performance/lotus-performance --use-compress-program unzstd
Lint Typecheck Security	Run actions/setup-python@v6	2026-02-26T08:33:36.6519609Z Cache restored successfully
Lint Typecheck Security	Run actions/setup-python@v6	2026-02-26T08:33:36.6653834Z Cache restored from key: setup-python-Linux-x64-24.04-Ubuntu-python-3.11.14-pip-c16987926f89f26e7f65ad4964c0c05ab477cfb2f41870531f8f5bd82f142187
Lint Typecheck Security	Install	ï»¿2026-02-26T08:33:36.6790863Z ##[group]Run make install
Lint Typecheck Security	Install	2026-02-26T08:33:36.6791367Z [36;1mmake install[0m
Lint Typecheck Security	Install	2026-02-26T08:33:36.6826759Z shell: /usr/bin/bash -e {0}
Lint Typecheck Security	Install	2026-02-26T08:33:36.6827117Z env:
Lint Typecheck Security	Install	2026-02-26T08:33:36.6827370Z   PIP_DISABLE_PIP_VERSION_CHECK: 1
Lint Typecheck Security	Install	2026-02-26T08:33:36.6827674Z   PYTHONUNBUFFERED: 1
Lint Typecheck Security	Install	2026-02-26T08:33:36.6827930Z   PYTHON_VERSION: 3.11
Lint Typecheck Security	Install	2026-02-26T08:33:36.6828448Z   pythonLocation: /opt/hostedtoolcache/Python/3.11.14/x64
Lint Typecheck Security	Install	2026-02-26T08:33:36.6828913Z   PKG_CONFIG_PATH: /opt/hostedtoolcache/Python/3.11.14/x64/lib/pkgconfig
Lint Typecheck Security	Install	2026-02-26T08:33:36.6829359Z   Python_ROOT_DIR: /opt/hostedtoolcache/Python/3.11.14/x64
Lint Typecheck Security	Install	2026-02-26T08:33:36.6830056Z   Python2_ROOT_DIR: /opt/hostedtoolcache/Python/3.11.14/x64
Lint Typecheck Security	Install	2026-02-26T08:33:36.6830461Z   Python3_ROOT_DIR: /opt/hostedtoolcache/Python/3.11.14/x64
Lint Typecheck Security	Install	2026-02-26T08:33:36.6830862Z   LD_LIBRARY_PATH: /opt/hostedtoolcache/Python/3.11.14/x64/lib
Lint Typecheck Security	Install	2026-02-26T08:33:36.6831206Z ##[endgroup]
Lint Typecheck Security	Install	2026-02-26T08:33:36.6935418Z pip install -r requirements.txt
Lint Typecheck Security	Install	2026-02-26T08:33:37.2371885Z Collecting annotated-types==0.7.0 (from -r requirements.txt (line 1))
Lint Typecheck Security	Install	2026-02-26T08:33:37.2389424Z   Using cached annotated_types-0.7.0-py3-none-any.whl.metadata (15 kB)
Lint Typecheck Security	Install	2026-02-26T08:33:37.2518567Z Collecting anyio==4.10.0 (from -r requirements.txt (line 2))
Lint Typecheck Security	Install	2026-02-26T08:33:37.2533992Z   Using cached anyio-4.10.0-py3-none-any.whl.metadata (4.0 kB)
Lint Typecheck Security	Install	2026-02-26T08:33:37.2675493Z Collecting certifi==2025.8.3 (from -r requirements.txt (line 3))
Lint Typecheck Security	Install	2026-02-26T08:33:37.2691874Z   Using cached certifi-2025.8.3-py3-none-any.whl.metadata (2.4 kB)
Lint Typecheck Security	Install	2026-02-26T08:33:37.2814560Z Collecting click==8.2.1 (from -r requirements.txt (line 4))
Lint Typecheck Security	Install	2026-02-26T08:33:37.2832133Z   Using cached click-8.2.1-py3-none-any.whl.metadata (2.5 kB)
Lint Typecheck Security	Install	2026-02-26T08:33:37.2930407Z Collecting colorama==0.4.6 (from -r requirements.txt (line 5))
Lint Typecheck Security	Install	2026-02-26T08:33:37.2944968Z   Using cached colorama-0.4.6-py2.py3-none-any.whl.metadata (17 kB)
Lint Typecheck Security	Install	2026-02-26T08:33:37.5799886Z Collecting coverage==7.10.6 (from -r requirements.txt (line 6))
Lint Typecheck Security	Install	2026-02-26T08:33:37.5817869Z   Using cached coverage-7.10.6-cp311-cp311-manylinux1_x86_64.manylinux_2_28_x86_64.manylinux_2_5_x86_64.whl.metadata (8.9 kB)
Lint Typecheck Security	Install	2026-02-26T08:33:37.6263023Z Collecting fastapi==0.116.1 (from -r requirements.txt (line 7))
Lint Typecheck Security	Install	2026-02-26T08:33:37.6278157Z   Using cached fastapi-0.116.1-py3-none-any.whl.metadata (28 kB)
Lint Typecheck Security	Install	2026-02-26T08:33:37.6394277Z Collecting h11==0.16.0 (from -r requirements.txt (line 8))
Lint Typecheck Security	Install	2026-02-26T08:33:37.6408509Z   Using cached h11-0.16.0-py3-none-any.whl.metadata (8.3 kB)
Lint Typecheck Security	Install	2026-02-26T08:33:37.6513514Z Collecting httpcore==1.0.9 (from -r requirements.txt (line 9))
Lint Typecheck Security	Install	2026-02-26T08:33:37.6527255Z   Using cached httpcore-1.0.9-py3-none-any.whl.metadata (21 kB)
Lint Typecheck Security	Install	2026-02-26T08:33:37.6654273Z Collecting httpx==0.28.1 (from -r requirements.txt (line 10))
Lint Typecheck Security	Install	2026-02-26T08:33:37.6668173Z   Using cached httpx-0.28.1-py3-none-any.whl.metadata (7.1 kB)
Lint Typecheck Security	Install	2026-02-26T08:33:37.6765456Z Collecting idna==3.10 (from -r requirements.txt (line 11))
Lint Typecheck Security	Install	2026-02-26T08:33:37.6780201Z   Using cached idna-3.10-py3-none-any.whl.metadata (10 kB)
Lint Typecheck Security	Install	2026-02-26T08:33:37.6862744Z Collecting iniconfig==2.1.0 (from -r requirements.txt (line 12))
Lint Typecheck Security	Install	2026-02-26T08:33:37.6876305Z   Using cached iniconfig-2.1.0-py3-none-any.whl.metadata (2.7 kB)
Lint Typecheck Security	Install	2026-02-26T08:33:37.8483782Z Collecting numpy==2.3.2 (from -r requirements.txt (line 13))
Lint Typecheck Security	Install	2026-02-26T08:33:37.8499183Z   Using cached numpy-2.3.2-cp311-cp311-manylinux_2_27_x86_64.manylinux_2_28_x86_64.whl.metadata (62 kB)
Lint Typecheck Security	Install	2026-02-26T08:33:38.0409302Z Collecting orjson==3.11.3 (from -r requirements.txt (line 14))
Lint Typecheck Security	Install	2026-02-26T08:33:38.0422793Z   Using cached orjson-3.11.3-cp311-cp311-manylinux_2_17_x86_64.manylinux2014_x86_64.whl.metadata (41 kB)
Lint Typecheck Security	Install	2026-02-26T08:33:38.0894670Z Collecting packaging==25.0 (from -r requirements.txt (line 15))
Lint Typecheck Security	Install	2026-02-26T08:33:38.0910097Z   Using cached packaging-25.0-py3-none-any.whl.metadata (3.3 kB)
Lint Typecheck Security	Install	2026-02-26T08:33:38.1801527Z Collecting pandas==2.3.2 (from -r requirements.txt (line 16))
Lint Typecheck Security	Install	2026-02-26T08:33:38.1815812Z   Using cached pandas-2.3.2-cp311-cp311-manylinux_2_17_x86_64.manylinux2014_x86_64.whl.metadata (91 kB)
Lint Typecheck Security	Install	2026-02-26T08:33:38.2117305Z Collecting pluggy==1.6.0 (from -r requirements.txt (line 17))
Lint Typecheck Security	Install	2026-02-26T08:33:38.2131004Z   Using cached pluggy-1.6.0-py3-none-any.whl.metadata (4.8 kB)
Lint Typecheck Security	Install	2026-02-26T08:33:38.2207433Z Collecting py-cpuinfo==9.0.0 (from -r requirements.txt (line 18))
Lint Typecheck Security	Install	2026-02-26T08:33:38.2220236Z   Using cached py_cpuinfo-9.0.0-py3-none-any.whl.metadata (794 bytes)
Lint Typecheck Security	Install	2026-02-26T08:33:38.3040192Z Collecting pydantic==2.11.7 (from -r requirements.txt (line 19))
Lint Typecheck Security	Install	2026-02-26T08:33:38.3053846Z   Using cached pydantic-2.11.7-py3-none-any.whl.metadata (67 kB)
Lint Typecheck Security	Install	2026-02-26T08:33:38.3190112Z Collecting pydantic-settings==2.10.1 (from -r requirements.txt (line 20))
Lint Typecheck Security	Install	2026-02-26T08:33:38.3203410Z   Using cached pydantic_settings-2.10.1-py3-none-any.whl.metadata (3.4 kB)
Lint Typecheck Security	Install	2026-02-26T08:33:38.3324582Z Collecting prometheus-fastapi-instrumentator==7.1.0 (from -r requirements.txt (line 21))
Lint Typecheck Security	Install	2026-02-26T08:33:38.3346257Z   Using cached prometheus_fastapi_instrumentator-7.1.0-py3-none-any.whl.metadata (13 kB)
Lint Typecheck Security	Install	2026-02-26T08:33:38.9203162Z Collecting pydantic_core==2.33.2 (from -r requirements.txt (line 22))
Lint Typecheck Security	Install	2026-02-26T08:33:38.9217645Z   Using cached pydantic_core-2.33.2-cp311-cp311-manylinux_2_17_x86_64.manylinux2014_x86_64.whl.metadata (6.8 kB)
Lint Typecheck Security	Install	2026-02-26T08:33:38.9339052Z Collecting Pygments==2.19.2 (from -r requirements.txt (line 23))
Lint Typecheck Security	Install	2026-02-26T08:33:38.9353575Z   Using cached pygments-2.19.2-py3-none-any.whl.metadata (2.5 kB)
Lint Typecheck Security	Install	2026-02-26T08:33:38.9571007Z Collecting pytest==8.4.1 (from -r requirements.txt (line 24))
Lint Typecheck Security	Install	2026-02-26T08:33:38.9585957Z   Using cached pytest-8.4.1-py3-none-any.whl.metadata (7.7 kB)
Lint Typecheck Security	Install	2026-02-26T08:33:38.9714935Z Collecting pytest-asyncio==0.23.8 (from -r requirements.txt (line 25))
Lint Typecheck Security	Install	2026-02-26T08:33:38.9728829Z   Using cached pytest_asyncio-0.23.8-py3-none-any.whl.metadata (3.9 kB)
Lint Typecheck Security	Install	2026-02-26T08:33:38.9844197Z Collecting pytest-benchmark==4.0.0 (from -r requirements.txt (line 26))
Lint Typecheck Security	Install	2026-02-26T08:33:38.9858033Z   Using cached pytest_benchmark-4.0.0-py3-none-any.whl.metadata (23 kB)
Lint Typecheck Security	Install	2026-02-26T08:33:38.9969166Z Collecting pytest-cov==4.1.0 (from -r requirements.txt (line 27))
Lint Typecheck Security	Install	2026-02-26T08:33:38.9983248Z   Using cached pytest_cov-4.1.0-py3-none-any.whl.metadata (26 kB)
Lint Typecheck Security	Install	2026-02-26T08:33:39.0125323Z Collecting pytest-mock==3.15.0 (from -r requirements.txt (line 28))
Lint Typecheck Security	Install	2026-02-26T08:33:39.0140025Z   Using cached pytest_mock-3.15.0-py3-none-any.whl.metadata (3.9 kB)
Lint Typecheck Security	Install	2026-02-26T08:33:39.0231665Z Collecting python-dateutil==2.9.0.post0 (from -r requirements.txt (line 29))
Lint Typecheck Security	Install	2026-02-26T08:33:39.0245271Z   Using cached python_dateutil-2.9.0.post0-py2.py3-none-any.whl.metadata (8.4 kB)
Lint Typecheck Security	Install	2026-02-26T08:33:39.0346463Z Collecting python-dotenv==1.1.1 (from -r requirements.txt (line 30))
Lint Typecheck Security	Install	2026-02-26T08:33:39.0360293Z   Using cached python_dotenv-1.1.1-py3-none-any.whl.metadata (24 kB)
Lint Typecheck Security	Install	2026-02-26T08:33:39.0608895Z Collecting pytz==2025.2 (from -r requirements.txt (line 31))
Lint Typecheck Security	Install	2026-02-26T08:33:39.0623042Z   Using cached pytz-2025.2-py2.py3-none-any.whl.metadata (22 kB)
Lint Typecheck Security	Install	2026-02-26T08:33:39.1544005Z Collecting scipy==1.16.1 (from -r requirements.txt (line 32))
Lint Typecheck Security	Install	2026-02-26T08:33:39.1558242Z   Using cached scipy-1.16.1-cp311-cp311-manylinux2014_x86_64.manylinux_2_17_x86_64.whl.metadata (61 kB)
Lint Typecheck Security	Install	2026-02-26T08:33:39.1756215Z Collecting six==1.17.0 (from -r requirements.txt (line 33))
Lint Typecheck Security	Install	2026-02-26T08:33:39.1768786Z   Using cached six-1.17.0-py2.py3-none-any.whl.metadata (1.7 kB)
Lint Typecheck Security	Install	2026-02-26T08:33:39.1849456Z Collecting sniffio==1.3.1 (from -r requirements.txt (line 34))
Lint Typecheck Security	Install	2026-02-26T08:33:39.1862113Z   Using cached sniffio-1.3.1-py3-none-any.whl.metadata (3.9 kB)
Lint Typecheck Security	Install	2026-02-26T08:33:39.2023652Z Collecting starlette==0.47.3 (from -r requirements.txt (line 35))
Lint Typecheck Security	Install	2026-02-26T08:33:39.2037290Z   Using cached starlette-0.47.3-py3-none-any.whl.metadata (6.2 kB)
Lint Typecheck Security	Install	2026-02-26T08:33:39.2115272Z Collecting typing-inspection==0.4.1 (from -r requirements.txt (line 36))
Lint Typecheck Security	Install	2026-02-26T08:33:39.2127849Z   Using cached typing_inspection-0.4.1-py3-none-any.whl.metadata (2.6 kB)
Lint Typecheck Security	Install	2026-02-26T08:33:39.2231604Z Collecting typing_extensions==4.15.0 (from -r requirements.txt (line 37))
Lint Typecheck Security	Install	2026-02-26T08:33:39.2244230Z   Using cached typing_extensions-4.15.0-py3-none-any.whl.metadata (3.3 kB)
Lint Typecheck Security	Install	2026-02-26T08:33:39.2330275Z Collecting tzdata==2025.2 (from -r requirements.txt (line 38))
Lint Typecheck Security	Install	2026-02-26T08:33:39.2343159Z   Using cached tzdata-2025.2-py2.py3-none-any.whl.metadata (1.4 kB)
Lint Typecheck Security	Install	2026-02-26T08:33:39.2499417Z Collecting uvicorn==0.35.0 (from -r requirements.txt (line 39))
Lint Typecheck Security	Install	2026-02-26T08:33:39.2512633Z   Using cached uvicorn-0.35.0-py3-none-any.whl.metadata (6.5 kB)
Lint Typecheck Security	Install	2026-02-26T08:33:39.2898282Z Collecting prometheus-client<1.0.0,>=0.8.0 (from prometheus-fastapi-instrumentator==7.1.0->-r requirements.txt (line 21))
Lint Typecheck Security	Install	2026-02-26T08:33:39.2912045Z   Using cached prometheus_client-0.24.1-py3-none-any.whl.metadata (2.1 kB)
Lint Typecheck Security	Install	2026-02-26T08:33:39.3177130Z Using cached annotated_types-0.7.0-py3-none-any.whl (13 kB)
Lint Typecheck Security	Install	2026-02-26T08:33:39.3188494Z Using cached anyio-4.10.0-py3-none-any.whl (107 kB)
Lint Typecheck Security	Install	2026-02-26T08:33:39.3201728Z Using cached certifi-2025.8.3-py3-none-any.whl (161 kB)
Lint Typecheck Security	Install	2026-02-26T08:33:39.3215251Z Using cached click-8.2.1-py3-none-any.whl (102 kB)
Lint Typecheck Security	Install	2026-02-26T08:33:39.3228230Z Using cached colorama-0.4.6-py2.py3-none-any.whl (25 kB)
Lint Typecheck Security	Install	2026-02-26T08:33:39.3241506Z Using cached coverage-7.10.6-cp311-cp311-manylinux1_x86_64.manylinux_2_28_x86_64.manylinux_2_5_x86_64.whl (249 kB)
Lint Typecheck Security	Install	2026-02-26T08:33:39.3255237Z Using cached fastapi-0.116.1-py3-none-any.whl (95 kB)
Lint Typecheck Security	Install	2026-02-26T08:33:39.3268012Z Using cached pydantic-2.11.7-py3-none-any.whl (444 kB)
Lint Typecheck Security	Install	2026-02-26T08:33:39.3282991Z Using cached starlette-0.47.3-py3-none-any.whl (72 kB)
Lint Typecheck Security	Install	2026-02-26T08:33:39.3295614Z Using cached h11-0.16.0-py3-none-any.whl (37 kB)
Lint Typecheck Security	Install	2026-02-26T08:33:39.3308173Z Using cached httpcore-1.0.9-py3-none-any.whl (78 kB)
Lint Typecheck Security	Install	2026-02-26T08:33:39.3321024Z Using cached httpx-0.28.1-py3-none-any.whl (73 kB)
Lint Typecheck Security	Install	2026-02-26T08:33:39.3333749Z Using cached idna-3.10-py3-none-any.whl (70 kB)
Lint Typecheck Security	Install	2026-02-26T08:33:39.3347084Z Using cached iniconfig-2.1.0-py3-none-any.whl (6.0 kB)
Lint Typecheck Security	Install	2026-02-26T08:33:39.3358439Z Using cached numpy-2.3.2-cp311-cp311-manylinux_2_27_x86_64.manylinux_2_28_x86_64.whl (16.9 MB)
Lint Typecheck Security	Install	2026-02-26T08:33:39.3457397Z Using cached orjson-3.11.3-cp311-cp311-manylinux_2_17_x86_64.manylinux2014_x86_64.whl (132 kB)
Lint Typecheck Security	Install	2026-02-26T08:33:39.3472564Z Using cached packaging-25.0-py3-none-any.whl (66 kB)
Lint Typecheck Security	Install	2026-02-26T08:33:39.3482783Z Using cached pandas-2.3.2-cp311-cp311-manylinux_2_17_x86_64.manylinux2014_x86_64.whl (12.4 MB)
Lint Typecheck Security	Install	2026-02-26T08:33:39.3557397Z Using cached pluggy-1.6.0-py3-none-any.whl (20 kB)
Lint Typecheck Security	Install	2026-02-26T08:33:39.3569166Z Using cached py_cpuinfo-9.0.0-py3-none-any.whl (22 kB)
Lint Typecheck Security	Install	2026-02-26T08:33:39.3580788Z Using cached pydantic_settings-2.10.1-py3-none-any.whl (45 kB)
Lint Typecheck Security	Install	2026-02-26T08:33:39.3592651Z Using cached prometheus_fastapi_instrumentator-7.1.0-py3-none-any.whl (19 kB)
Lint Typecheck Security	Install	2026-02-26T08:33:39.3604258Z Using cached pydantic_core-2.33.2-cp311-cp311-manylinux_2_17_x86_64.manylinux2014_x86_64.whl (2.0 MB)
Lint Typecheck Security	Install	2026-02-26T08:33:39.3625894Z Using cached pygments-2.19.2-py3-none-any.whl (1.2 MB)
Lint Typecheck Security	Install	2026-02-26T08:33:39.3643619Z Using cached pytest-8.4.1-py3-none-any.whl (365 kB)
Lint Typecheck Security	Install	2026-02-26T08:33:39.3657829Z Using cached pytest_asyncio-0.23.8-py3-none-any.whl (17 kB)
Lint Typecheck Security	Install	2026-02-26T08:33:39.3670035Z Using cached pytest_benchmark-4.0.0-py3-none-any.whl (43 kB)
Lint Typecheck Security	Install	2026-02-26T08:33:39.3681937Z Using cached pytest_cov-4.1.0-py3-none-any.whl (21 kB)
Lint Typecheck Security	Install	2026-02-26T08:33:39.3694181Z Using cached pytest_mock-3.15.0-py3-none-any.whl (10 kB)
Lint Typecheck Security	Install	2026-02-26T08:33:39.3706857Z Using cached python_dateutil-2.9.0.post0-py2.py3-none-any.whl (229 kB)
Lint Typecheck Security	Install	2026-02-26T08:33:39.3720791Z Using cached python_dotenv-1.1.1-py3-none-any.whl (20 kB)
Lint Typecheck Security	Install	2026-02-26T08:33:39.3735120Z Using cached pytz-2025.2-py2.py3-none-any.whl (509 kB)
Lint Typecheck Security	Install	2026-02-26T08:33:39.3750601Z Using cached scipy-1.16.1-cp311-cp311-manylinux2014_x86_64.manylinux_2_17_x86_64.whl (35.4 MB)
Lint Typecheck Security	Install	2026-02-26T08:33:39.3943618Z Using cached six-1.17.0-py2.py3-none-any.whl (11 kB)
Lint Typecheck Security	Install	2026-02-26T08:33:39.3956880Z Using cached sniffio-1.3.1-py3-none-any.whl (10 kB)
Lint Typecheck Security	Install	2026-02-26T08:33:39.3969522Z Using cached typing_inspection-0.4.1-py3-none-any.whl (14 kB)
Lint Typecheck Security	Install	2026-02-26T08:33:39.3982402Z Using cached typing_extensions-4.15.0-py3-none-any.whl (44 kB)
Lint Typecheck Security	Install	2026-02-26T08:33:39.3995099Z Using cached tzdata-2025.2-py2.py3-none-any.whl (347 kB)
Lint Typecheck Security	Install	2026-02-26T08:33:39.4009570Z Using cached uvicorn-0.35.0-py3-none-any.whl (66 kB)
Lint Typecheck Security	Install	2026-02-26T08:33:39.4022795Z Using cached prometheus_client-0.24.1-py3-none-any.whl (64 kB)
Lint Typecheck Security	Install	2026-02-26T08:33:39.6009610Z Installing collected packages: pytz, py-cpuinfo, tzdata, typing_extensions, sniffio, six, python-dotenv, Pygments, prometheus-client, pluggy, packaging, orjson, numpy, iniconfig, idna, h11, coverage, colorama, click, certifi, annotated-types, uvicorn, typing-inspection, scipy, python-dateutil, pytest, pydantic_core, httpcore, anyio, starlette, pytest-mock, pytest-cov, pytest-benchmark, pytest-asyncio, pydantic, pandas, httpx, pydantic-settings, prometheus-fastapi-instrumentator, fastapi
Lint Typecheck Security	Install	2026-02-26T08:33:50.3511548Z 
Lint Typecheck Security	Install	2026-02-26T08:33:50.3534383Z Successfully installed Pygments-2.19.2 annotated-types-0.7.0 anyio-4.10.0 certifi-2025.8.3 click-8.2.1 colorama-0.4.6 coverage-7.10.6 fastapi-0.116.1 h11-0.16.0 httpcore-1.0.9 httpx-0.28.1 idna-3.10 iniconfig-2.1.0 numpy-2.3.2 orjson-3.11.3 packaging-25.0 pandas-2.3.2 pluggy-1.6.0 prometheus-client-0.24.1 prometheus-fastapi-instrumentator-7.1.0 py-cpuinfo-9.0.0 pydantic-2.11.7 pydantic-settings-2.10.1 pydantic_core-2.33.2 pytest-8.4.1 pytest-asyncio-0.23.8 pytest-benchmark-4.0.0 pytest-cov-4.1.0 pytest-mock-3.15.0 python-dateutil-2.9.0.post0 python-dotenv-1.1.1 pytz-2025.2 scipy-1.16.1 six-1.17.0 sniffio-1.3.1 starlette-0.47.3 typing-inspection-0.4.1 typing_extensions-4.15.0 tzdata-2025.2 uvicorn-0.35.0
Lint Typecheck Security	Install	2026-02-26T08:33:50.8254074Z pip install -r requirements-dev.txt
Lint Typecheck Security	Install	2026-02-26T08:33:51.1132918Z Requirement already satisfied: pytest<9.0.0,>=8.4.1 in /opt/hostedtoolcache/Python/3.11.14/x64/lib/python3.11/site-packages (from -r requirements-dev.txt (line 1)) (8.4.1)
Lint Typecheck Security	Install	2026-02-26T08:33:51.1137157Z Requirement already satisfied: pytest-cov<5.0.0,>=4.0.0 in /opt/hostedtoolcache/Python/3.11.14/x64/lib/python3.11/site-packages (from -r requirements-dev.txt (line 2)) (4.1.0)
Lint Typecheck Security	Install	2026-02-26T08:33:51.1141667Z Requirement already satisfied: httpx<1.0.0,>=0.25.0 in /opt/hostedtoolcache/Python/3.11.14/x64/lib/python3.11/site-packages (from -r requirements-dev.txt (line 3)) (0.28.1)
Lint Typecheck Security	Install	2026-02-26T08:33:51.1145924Z Requirement already satisfied: pytest-benchmark<5.0.0,>=4.0.0 in /opt/hostedtoolcache/Python/3.11.14/x64/lib/python3.11/site-packages (from -r requirements-dev.txt (line 4)) (4.0.0)
Lint Typecheck Security	Install	2026-02-26T08:33:51.1149795Z Requirement already satisfied: pytest-mock<4.0.0,>=3.12.0 in /opt/hostedtoolcache/Python/3.11.14/x64/lib/python3.11/site-packages (from -r requirements-dev.txt (line 5)) (3.15.0)
Lint Typecheck Security	Install	2026-02-26T08:33:51.1153604Z Requirement already satisfied: pytest-asyncio<0.24.0,>=0.23.0 in /opt/hostedtoolcache/Python/3.11.14/x64/lib/python3.11/site-packages (from -r requirements-dev.txt (line 6)) (0.23.8)
Lint Typecheck Security	Install	2026-02-26T08:33:51.1981988Z Collecting pre-commit<5.0.0,>=4.2.0 (from -r requirements-dev.txt (line 7))
Lint Typecheck Security	Install	2026-02-26T08:33:51.1996428Z   Using cached pre_commit-4.5.1-py2.py3-none-any.whl.metadata (1.2 kB)
Lint Typecheck Security	Install	2026-02-26T08:33:51.4570242Z Collecting ruff<0.7.0,>=0.6.9 (from -r requirements-dev.txt (line 8))
Lint Typecheck Security	Install	2026-02-26T08:33:51.4586839Z   Using cached ruff-0.6.9-py3-none-manylinux_2_17_x86_64.manylinux2014_x86_64.whl.metadata (25 kB)
Lint Typecheck Security	Install	2026-02-26T08:33:51.5302445Z Collecting mypy<2.0.0,>=1.11.2 (from -r requirements-dev.txt (line 9))
Lint Typecheck Security	Install	2026-02-26T08:33:51.5316301Z   Using cached mypy-1.19.1-cp311-cp311-manylinux2014_x86_64.manylinux_2_17_x86_64.manylinux_2_28_x86_64.whl.metadata (2.2 kB)
Lint Typecheck Security	Install	2026-02-26T08:33:51.5337722Z Requirement already satisfied: coverage<8.0.0,>=7.6.0 in /opt/hostedtoolcache/Python/3.11.14/x64/lib/python3.11/site-packages (from -r requirements-dev.txt (line 10)) (7.10.6)
Lint Typecheck Security	Install	2026-02-26T08:33:51.5452508Z Collecting pip-audit<3.0.0,>=2.9.0 (from -r requirements-dev.txt (line 11))
Lint Typecheck Security	Install	2026-02-26T08:33:51.6044961Z   Downloading pip_audit-2.10.0-py3-none-any.whl.metadata (28 kB)
Lint Typecheck Security	Install	2026-02-26T08:33:51.6178614Z Requirement already satisfied: iniconfig>=1 in /opt/hostedtoolcache/Python/3.11.14/x64/lib/python3.11/site-packages (from pytest<9.0.0,>=8.4.1->-r requirements-dev.txt (line 1)) (2.1.0)
Lint Typecheck Security	Install	2026-02-26T08:33:51.6184240Z Requirement already satisfied: packaging>=20 in /opt/hostedtoolcache/Python/3.11.14/x64/lib/python3.11/site-packages (from pytest<9.0.0,>=8.4.1->-r requirements-dev.txt (line 1)) (25.0)
Lint Typecheck Security	Install	2026-02-26T08:33:51.6188405Z Requirement already satisfied: pluggy<2,>=1.5 in /opt/hostedtoolcache/Python/3.11.14/x64/lib/python3.11/site-packages (from pytest<9.0.0,>=8.4.1->-r requirements-dev.txt (line 1)) (1.6.0)
Lint Typecheck Security	Install	2026-02-26T08:33:51.6192472Z Requirement already satisfied: pygments>=2.7.2 in /opt/hostedtoolcache/Python/3.11.14/x64/lib/python3.11/site-packages (from pytest<9.0.0,>=8.4.1->-r requirements-dev.txt (line 1)) (2.19.2)
Lint Typecheck Security	Install	2026-02-26T08:33:51.6220121Z Requirement already satisfied: anyio in /opt/hostedtoolcache/Python/3.11.14/x64/lib/python3.11/site-packages (from httpx<1.0.0,>=0.25.0->-r requirements-dev.txt (line 3)) (4.10.0)
Lint Typecheck Security	Install	2026-02-26T08:33:51.6223257Z Requirement already satisfied: certifi in /opt/hostedtoolcache/Python/3.11.14/x64/lib/python3.11/site-packages (from httpx<1.0.0,>=0.25.0->-r requirements-dev.txt (line 3)) (2025.8.3)
Lint Typecheck Security	Install	2026-02-26T08:33:51.6226759Z Requirement already satisfied: httpcore==1.* in /opt/hostedtoolcache/Python/3.11.14/x64/lib/python3.11/site-packages (from httpx<1.0.0,>=0.25.0->-r requirements-dev.txt (line 3)) (1.0.9)
Lint Typecheck Security	Install	2026-02-26T08:33:51.6230791Z Requirement already satisfied: idna in /opt/hostedtoolcache/Python/3.11.14/x64/lib/python3.11/site-packages (from httpx<1.0.0,>=0.25.0->-r requirements-dev.txt (line 3)) (3.10)
Lint Typecheck Security	Install	2026-02-26T08:33:51.6247540Z Requirement already satisfied: py-cpuinfo in /opt/hostedtoolcache/Python/3.11.14/x64/lib/python3.11/site-packages (from pytest-benchmark<5.0.0,>=4.0.0->-r requirements-dev.txt (line 4)) (9.0.0)
Lint Typecheck Security	Install	2026-02-26T08:33:51.6366539Z Collecting cfgv>=2.0.0 (from pre-commit<5.0.0,>=4.2.0->-r requirements-dev.txt (line 7))
Lint Typecheck Security	Install	2026-02-26T08:33:51.6382614Z   Using cached cfgv-3.5.0-py2.py3-none-any.whl.metadata (8.9 kB)
Lint Typecheck Security	Install	2026-02-26T08:33:51.6863929Z Collecting identify>=1.0.0 (from pre-commit<5.0.0,>=4.2.0->-r requirements-dev.txt (line 7))
Lint Typecheck Security	Install	2026-02-26T08:33:51.6877844Z   Using cached identify-2.6.16-py2.py3-none-any.whl.metadata (4.4 kB)
Lint Typecheck Security	Install	2026-02-26T08:33:51.6991328Z Collecting nodeenv>=0.11.1 (from pre-commit<5.0.0,>=4.2.0->-r requirements-dev.txt (line 7))
Lint Typecheck Security	Install	2026-02-26T08:33:51.7005066Z   Using cached nodeenv-1.10.0-py2.py3-none-any.whl.metadata (24 kB)
Lint Typecheck Security	Install	2026-02-26T08:33:51.7296287Z Collecting pyyaml>=5.1 (from pre-commit<5.0.0,>=4.2.0->-r requirements-dev.txt (line 7))
Lint Typecheck Security	Install	2026-02-26T08:33:51.7310917Z   Using cached pyyaml-6.0.3-cp311-cp311-manylinux2014_x86_64.manylinux_2_17_x86_64.manylinux_2_28_x86_64.whl.metadata (2.4 kB)
Lint Typecheck Security	Install	2026-02-26T08:33:51.7628833Z Collecting virtualenv>=20.10.0 (from pre-commit<5.0.0,>=4.2.0->-r requirements-dev.txt (line 7))
Lint Typecheck Security	Install	2026-02-26T08:33:51.7665654Z   Downloading virtualenv-21.0.0-py3-none-any.whl.metadata (3.5 kB)
Lint Typecheck Security	Install	2026-02-26T08:33:51.7719556Z Requirement already satisfied: typing_extensions>=4.6.0 in /opt/hostedtoolcache/Python/3.11.14/x64/lib/python3.11/site-packages (from mypy<2.0.0,>=1.11.2->-r requirements-dev.txt (line 9)) (4.15.0)
Lint Typecheck Security	Install	2026-02-26T08:33:51.7780877Z Collecting mypy_extensions>=1.0.0 (from mypy<2.0.0,>=1.11.2->-r requirements-dev.txt (line 9))
Lint Typecheck Security	Install	2026-02-26T08:33:51.7794729Z   Using cached mypy_extensions-1.1.0-py3-none-any.whl.metadata (1.1 kB)
Lint Typecheck Security	Install	2026-02-26T08:33:51.7879968Z Collecting pathspec>=0.9.0 (from mypy<2.0.0,>=1.11.2->-r requirements-dev.txt (line 9))
Lint Typecheck Security	Install	2026-02-26T08:33:51.7893167Z   Using cached pathspec-1.0.4-py3-none-any.whl.metadata (13 kB)
Lint Typecheck Security	Install	2026-02-26T08:33:51.8636530Z Collecting librt>=0.6.2 (from mypy<2.0.0,>=1.11.2->-r requirements-dev.txt (line 9))
Lint Typecheck Security	Install	2026-02-26T08:33:51.8651828Z   Using cached librt-0.8.1-cp311-cp311-manylinux2014_x86_64.manylinux_2_17_x86_64.manylinux_2_28_x86_64.whl.metadata (1.3 kB)
Lint Typecheck Security	Install	2026-02-26T08:33:51.8764266Z Collecting CacheControl>=0.13.0 (from CacheControl[filecache]>=0.13.0->pip-audit<3.0.0,>=2.9.0->-r requirements-dev.txt (line 11))
Lint Typecheck Security	Install	2026-02-26T08:33:51.8799462Z   Downloading cachecontrol-0.14.4-py3-none-any.whl.metadata (3.1 kB)
Lint Typecheck Security	Install	2026-02-26T08:33:51.9101940Z Collecting cyclonedx-python-lib<12,>=5 (from pip-audit<3.0.0,>=2.9.0->-r requirements-dev.txt (line 11))
Lint Typecheck Security	Install	2026-02-26T08:33:51.9138145Z   Downloading cyclonedx_python_lib-11.6.0-py3-none-any.whl.metadata (6.8 kB)
Lint Typecheck Security	Install	2026-02-26T08:33:51.9267279Z Collecting pip-api>=0.0.28 (from pip-audit<3.0.0,>=2.9.0->-r requirements-dev.txt (line 11))
Lint Typecheck Security	Install	2026-02-26T08:33:51.9301696Z   Downloading pip_api-0.0.34-py3-none-any.whl.metadata (6.6 kB)
Lint Typecheck Security	Install	2026-02-26T08:33:51.9394101Z Collecting pip-requirements-parser>=32.0.0 (from pip-audit<3.0.0,>=2.9.0->-r requirements-dev.txt (line 11))
Lint Typecheck Security	Install	2026-02-26T08:33:51.9429989Z   Downloading pip_requirements_parser-32.0.1-py3-none-any.whl.metadata (9.3 kB)
Lint Typecheck Security	Install	2026-02-26T08:33:51.9611580Z Collecting requests>=2.31.0 (from pip-audit<3.0.0,>=2.9.0->-r requirements-dev.txt (line 11))
Lint Typecheck Security	Install	2026-02-26T08:33:51.9666656Z   Downloading requests-2.32.5-py3-none-any.whl.metadata (4.9 kB)
Lint Typecheck Security	Install	2026-02-26T08:33:51.9932237Z Collecting rich>=12.4 (from pip-audit<3.0.0,>=2.9.0->-r requirements-dev.txt (line 11))
Lint Typecheck Security	Install	2026-02-26T08:33:51.9967958Z   Downloading rich-14.3.3-py3-none-any.whl.metadata (18 kB)
Lint Typecheck Security	Install	2026-02-26T08:33:52.0133551Z Collecting tomli>=2.2.1 (from pip-audit<3.0.0,>=2.9.0->-r requirements-dev.txt (line 11))
Lint Typecheck Security	Install	2026-02-26T08:33:52.0169243Z   Downloading tomli-2.4.0-cp311-cp311-manylinux2014_x86_64.manylinux_2_17_x86_64.manylinux_2_28_x86_64.whl.metadata (10 kB)
Lint Typecheck Security	Install	2026-02-26T08:33:52.0267589Z Collecting tomli-w>=1.2.0 (from pip-audit<3.0.0,>=2.9.0->-r requirements-dev.txt (line 11))
Lint Typecheck Security	Install	2026-02-26T08:33:52.0306287Z   Downloading tomli_w-1.2.0-py3-none-any.whl.metadata (5.7 kB)
Lint Typecheck Security	Install	2026-02-26T08:33:52.0438982Z Collecting platformdirs>=4.2.0 (from pip-audit<3.0.0,>=2.9.0->-r requirements-dev.txt (line 11))
Lint Typecheck Security	Install	2026-02-26T08:33:52.0452489Z   Using cached platformdirs-4.9.2-py3-none-any.whl.metadata (4.7 kB)
Lint Typecheck Security	Install	2026-02-26T08:33:52.0569465Z Collecting license-expression<31,>=30 (from cyclonedx-python-lib<12,>=5->pip-audit<3.0.0,>=2.9.0->-r requirements-dev.txt (line 11))
Lint Typecheck Security	Install	2026-02-26T08:33:52.0609322Z   Downloading license_expression-30.4.4-py3-none-any.whl.metadata (11 kB)
Lint Typecheck Security	Install	2026-02-26T08:33:52.0802667Z Collecting packageurl-python<2,>=0.11 (from cyclonedx-python-lib<12,>=5->pip-audit<3.0.0,>=2.9.0->-r requirements-dev.txt (line 11))
Lint Typecheck Security	Install	2026-02-26T08:33:52.0839266Z   Downloading packageurl_python-0.17.6-py3-none-any.whl.metadata (5.1 kB)
Lint Typecheck Security	Install	2026-02-26T08:33:52.0993377Z Collecting py-serializable<3.0.0,>=2.1.0 (from cyclonedx-python-lib<12,>=5->pip-audit<3.0.0,>=2.9.0->-r requirements-dev.txt (line 11))
Lint Typecheck Security	Install	2026-02-26T08:33:52.1033221Z   Downloading py_serializable-2.1.0-py3-none-any.whl.metadata (4.3 kB)
Lint Typecheck Security	Install	2026-02-26T08:33:52.1148406Z Collecting sortedcontainers<3.0.0,>=2.4.0 (from cyclonedx-python-lib<12,>=5->pip-audit<3.0.0,>=2.9.0->-r requirements-dev.txt (line 11))
Lint Typecheck Security	Install	2026-02-26T08:33:52.1186705Z   Downloading sortedcontainers-2.4.0-py2.py3-none-any.whl.metadata (10 kB)
Lint Typecheck Security	Install	2026-02-26T08:33:52.1239470Z Requirement already satisfied: h11>=0.16 in /opt/hostedtoolcache/Python/3.11.14/x64/lib/python3.11/site-packages (from httpcore==1.*->httpx<1.0.0,>=0.25.0->-r requirements-dev.txt (line 3)) (0.16.0)
Lint Typecheck Security	Install	2026-02-26T08:33:52.1328395Z Collecting boolean.py>=4.0 (from license-expression<31,>=30->cyclonedx-python-lib<12,>=5->pip-audit<3.0.0,>=2.9.0->-r requirements-dev.txt (line 11))
Lint Typecheck Security	Install	2026-02-26T08:33:52.1366766Z   Downloading boolean_py-5.0-py3-none-any.whl.metadata (2.3 kB)
Lint Typecheck Security	Install	2026-02-26T08:33:52.1493512Z Collecting defusedxml<0.8.0,>=0.7.1 (from py-serializable<3.0.0,>=2.1.0->cyclonedx-python-lib<12,>=5->pip-audit<3.0.0,>=2.9.0->-r requirements-dev.txt (line 11))
Lint Typecheck Security	Install	2026-02-26T08:33:52.1532051Z   Downloading defusedxml-0.7.1-py2.py3-none-any.whl.metadata (32 kB)
Lint Typecheck Security	Install	2026-02-26T08:33:52.2091745Z Collecting msgpack<2.0.0,>=0.5.2 (from CacheControl>=0.13.0->CacheControl[filecache]>=0.13.0->pip-audit<3.0.0,>=2.9.0->-r requirements-dev.txt (line 11))
Lint Typecheck Security	Install	2026-02-26T08:33:52.2128431Z   Downloading msgpack-1.1.2-cp311-cp311-manylinux2014_x86_64.manylinux_2_17_x86_64.manylinux_2_28_x86_64.whl.metadata (8.1 kB)
Lint Typecheck Security	Install	2026-02-26T08:33:52.2323525Z Collecting filelock>=3.8.0 (from CacheControl[filecache]>=0.13.0->pip-audit<3.0.0,>=2.9.0->-r requirements-dev.txt (line 11))
Lint Typecheck Security	Install	2026-02-26T08:33:52.2337804Z   Using cached filelock-3.24.3-py3-none-any.whl.metadata (2.0 kB)
Lint Typecheck Security	Install	2026-02-26T08:33:52.2418508Z Requirement already satisfied: pip in /opt/hostedtoolcache/Python/3.11.14/x64/lib/python3.11/site-packages (from pip-api>=0.0.28->pip-audit<3.0.0,>=2.9.0->-r requirements-dev.txt (line 11)) (26.0.1)
Lint Typecheck Security	Install	2026-02-26T08:33:52.2610699Z Collecting pyparsing (from pip-requirements-parser>=32.0.0->pip-audit<3.0.0,>=2.9.0->-r requirements-dev.txt (line 11))
Lint Typecheck Security	Install	2026-02-26T08:33:52.2647503Z   Downloading pyparsing-3.3.2-py3-none-any.whl.metadata (5.8 kB)
Lint Typecheck Security	Install	2026-02-26T08:33:52.3661400Z Collecting charset_normalizer<4,>=2 (from requests>=2.31.0->pip-audit<3.0.0,>=2.9.0->-r requirements-dev.txt (line 11))
Lint Typecheck Security	Install	2026-02-26T08:33:52.3698205Z   Downloading charset_normalizer-3.4.4-cp311-cp311-manylinux2014_x86_64.manylinux_2_17_x86_64.manylinux_2_28_x86_64.whl.metadata (37 kB)
Lint Typecheck Security	Install	2026-02-26T08:33:52.3918020Z Collecting urllib3<3,>=1.21.1 (from requests>=2.31.0->pip-audit<3.0.0,>=2.9.0->-r requirements-dev.txt (line 11))
Lint Typecheck Security	Install	2026-02-26T08:33:52.3957211Z   Downloading urllib3-2.6.3-py3-none-any.whl.metadata (6.9 kB)
Lint Typecheck Security	Install	2026-02-26T08:33:52.4129318Z Collecting markdown-it-py>=2.2.0 (from rich>=12.4->pip-audit<3.0.0,>=2.9.0->-r requirements-dev.txt (line 11))
Lint Typecheck Security	Install	2026-02-26T08:33:52.4165130Z   Downloading markdown_it_py-4.0.0-py3-none-any.whl.metadata (7.3 kB)
Lint Typecheck Security	Install	2026-02-26T08:33:52.4292346Z Collecting mdurl~=0.1 (from markdown-it-py>=2.2.0->rich>=12.4->pip-audit<3.0.0,>=2.9.0->-r requirements-dev.txt (line 11))
Lint Typecheck Security	Install	2026-02-26T08:33:52.4327254Z   Downloading mdurl-0.1.2-py3-none-any.whl.metadata (1.6 kB)
Lint Typecheck Security	Install	2026-02-26T08:33:52.4471026Z Collecting distlib<1,>=0.3.7 (from virtualenv>=20.10.0->pre-commit<5.0.0,>=4.2.0->-r requirements-dev.txt (line 7))
Lint Typecheck Security	Install	2026-02-26T08:33:52.4484520Z   Using cached distlib-0.4.0-py2.py3-none-any.whl.metadata (5.2 kB)
Lint Typecheck Security	Install	2026-02-26T08:33:52.4598175Z Collecting python-discovery>=1 (from virtualenv>=20.10.0->pre-commit<5.0.0,>=4.2.0->-r requirements-dev.txt (line 7))
Lint Typecheck Security	Install	2026-02-26T08:33:52.4632751Z   Downloading python_discovery-1.0.0-py3-none-any.whl.metadata (4.0 kB)
Lint Typecheck Security	Install	2026-02-26T08:33:52.4719831Z Requirement already satisfied: sniffio>=1.1 in /opt/hostedtoolcache/Python/3.11.14/x64/lib/python3.11/site-packages (from anyio->httpx<1.0.0,>=0.25.0->-r requirements-dev.txt (line 3)) (1.3.1)
Lint Typecheck Security	Install	2026-02-26T08:33:52.4775311Z Using cached pre_commit-4.5.1-py2.py3-none-any.whl (226 kB)
Lint Typecheck Security	Install	2026-02-26T08:33:52.4790240Z Using cached ruff-0.6.9-py3-none-manylinux_2_17_x86_64.manylinux2014_x86_64.whl (10.9 MB)
Lint Typecheck Security	Install	2026-02-26T08:33:52.4859987Z Using cached mypy-1.19.1-cp311-cp311-manylinux2014_x86_64.manylinux_2_17_x86_64.manylinux_2_28_x86_64.whl (13.4 MB)
Lint Typecheck Security	Install	2026-02-26T08:33:52.4967596Z Downloading pip_audit-2.10.0-py3-none-any.whl (61 kB)
Lint Typecheck Security	Install	2026-02-26T08:33:52.5025873Z Downloading cyclonedx_python_lib-11.6.0-py3-none-any.whl (511 kB)
Lint Typecheck Security	Install	2026-02-26T08:33:52.5120675Z Downloading license_expression-30.4.4-py3-none-any.whl (120 kB)
Lint Typecheck Security	Install	2026-02-26T08:33:52.5178747Z Downloading packageurl_python-0.17.6-py3-none-any.whl (36 kB)
Lint Typecheck Security	Install	2026-02-26T08:33:52.5233466Z Downloading py_serializable-2.1.0-py3-none-any.whl (23 kB)
Lint Typecheck Security	Install	2026-02-26T08:33:52.5289529Z Downloading defusedxml-0.7.1-py2.py3-none-any.whl (25 kB)
Lint Typecheck Security	Install	2026-02-26T08:33:52.5344875Z Downloading sortedcontainers-2.4.0-py2.py3-none-any.whl (29 kB)
Lint Typecheck Security	Install	2026-02-26T08:33:52.5398683Z Downloading boolean_py-5.0-py3-none-any.whl (26 kB)
Lint Typecheck Security	Install	2026-02-26T08:33:52.5450382Z Downloading cachecontrol-0.14.4-py3-none-any.whl (22 kB)
Lint Typecheck Security	Install	2026-02-26T08:33:52.5508179Z Downloading msgpack-1.1.2-cp311-cp311-manylinux2014_x86_64.manylinux_2_17_x86_64.manylinux_2_28_x86_64.whl (426 kB)
Lint Typecheck Security	Install	2026-02-26T08:33:52.5555631Z Using cached cfgv-3.5.0-py2.py3-none-any.whl (7.4 kB)
Lint Typecheck Security	Install	2026-02-26T08:33:52.5568454Z Using cached filelock-3.24.3-py3-none-any.whl (24 kB)
Lint Typecheck Security	Install	2026-02-26T08:33:52.5581323Z Using cached identify-2.6.16-py2.py3-none-any.whl (99 kB)
Lint Typecheck Security	Install	2026-02-26T08:33:52.5594930Z Using cached librt-0.8.1-cp311-cp311-manylinux2014_x86_64.manylinux_2_17_x86_64.manylinux_2_28_x86_64.whl (218 kB)
Lint Typecheck Security	Install	2026-02-26T08:33:52.5608777Z Using cached mypy_extensions-1.1.0-py3-none-any.whl (5.0 kB)
Lint Typecheck Security	Install	2026-02-26T08:33:52.5621408Z Using cached nodeenv-1.10.0-py2.py3-none-any.whl (23 kB)
Lint Typecheck Security	Install	2026-02-26T08:33:52.5633395Z Using cached pathspec-1.0.4-py3-none-any.whl (55 kB)
Lint Typecheck Security	Install	2026-02-26T08:33:52.5670465Z Downloading pip_api-0.0.34-py3-none-any.whl (120 kB)
Lint Typecheck Security	Install	2026-02-26T08:33:52.5730084Z Downloading pip_requirements_parser-32.0.1-py3-none-any.whl (35 kB)
Lint Typecheck Security	Install	2026-02-26T08:33:52.5760516Z Using cached platformdirs-4.9.2-py3-none-any.whl (21 kB)
Lint Typecheck Security	Install	2026-02-26T08:33:52.5774087Z Using cached pyyaml-6.0.3-cp311-cp311-manylinux2014_x86_64.manylinux_2_17_x86_64.manylinux_2_28_x86_64.whl (806 kB)
Lint Typecheck Security	Install	2026-02-26T08:33:52.5813246Z Downloading requests-2.32.5-py3-none-any.whl (64 kB)
Lint Typecheck Security	Install	2026-02-26T08:33:52.5866831Z Downloading charset_normalizer-3.4.4-cp311-cp311-manylinux2014_x86_64.manylinux_2_17_x86_64.manylinux_2_28_x86_64.whl (151 kB)
Lint Typecheck Security	Install	2026-02-26T08:33:52.5923973Z Downloading urllib3-2.6.3-py3-none-any.whl (131 kB)
Lint Typecheck Security	Install	2026-02-26T08:33:52.5980229Z Downloading rich-14.3.3-py3-none-any.whl (310 kB)
Lint Typecheck Security	Install	2026-02-26T08:33:52.6045759Z Downloading markdown_it_py-4.0.0-py3-none-any.whl (87 kB)
Lint Typecheck Security	Install	2026-02-26T08:33:52.6100707Z Downloading mdurl-0.1.2-py3-none-any.whl (10.0 kB)
Lint Typecheck Security	Install	2026-02-26T08:33:52.6156966Z Downloading tomli-2.4.0-cp311-cp311-manylinux2014_x86_64.manylinux_2_17_x86_64.manylinux_2_28_x86_64.whl (243 kB)
Lint Typecheck Security	Install	2026-02-26T08:33:52.6215968Z Downloading tomli_w-1.2.0-py3-none-any.whl (6.7 kB)
Lint Typecheck Security	Install	2026-02-26T08:33:52.6271320Z Downloading virtualenv-21.0.0-py3-none-any.whl (5.8 MB)
Lint Typecheck Security	Install	2026-02-26T08:33:52.6752386Z    ââââââââââââââââââââââââââââââââââââââââ 5.8/5.8 MB 122.6 MB/s  0:00:00
Lint Typecheck Security	Install	2026-02-26T08:33:52.6767178Z Using cached distlib-0.4.0-py2.py3-none-any.whl (469 kB)
Lint Typecheck Security	Install	2026-02-26T08:33:52.6806882Z Downloading python_discovery-1.0.0-py3-none-any.whl (28 kB)
Lint Typecheck Security	Install	2026-02-26T08:33:52.6861011Z Downloading pyparsing-3.3.2-py3-none-any.whl (122 kB)
Lint Typecheck Security	Install	2026-02-26T08:33:52.8209288Z Installing collected packages: sortedcontainers, distlib, boolean.py, urllib3, tomli-w, tomli, ruff, pyyaml, pyparsing, platformdirs, pip-api, pathspec, packageurl-python, nodeenv, mypy_extensions, msgpack, mdurl, license-expression, librt, identify, filelock, defusedxml, charset_normalizer, cfgv, requests, python-discovery, py-serializable, pip-requirements-parser, mypy, markdown-it-py, virtualenv, rich, cyclonedx-python-lib, CacheControl, pre-commit, pip-audit
Lint Typecheck Security	Install	2026-02-26T08:33:55.1591017Z 
Lint Typecheck Security	Install	2026-02-26T08:33:55.1621481Z Successfully installed CacheControl-0.14.4 boolean.py-5.0 cfgv-3.5.0 charset_normalizer-3.4.4 cyclonedx-python-lib-11.6.0 defusedxml-0.7.1 distlib-0.4.0 filelock-3.24.3 identify-2.6.16 librt-0.8.1 license-expression-30.4.4 markdown-it-py-4.0.0 mdurl-0.1.2 msgpack-1.1.2 mypy-1.19.1 mypy_extensions-1.1.0 nodeenv-1.10.0 packageurl-python-0.17.6 pathspec-1.0.4 pip-api-0.0.34 pip-audit-2.10.0 pip-requirements-parser-32.0.1 platformdirs-4.9.2 pre-commit-4.5.1 py-serializable-2.1.0 pyparsing-3.3.2 python-discovery-1.0.0 pyyaml-6.0.3 requests-2.32.5 rich-14.3.3 ruff-0.6.9 sortedcontainers-2.4.0 tomli-2.4.0 tomli-w-1.2.0 urllib3-2.6.3 virtualenv-21.0.0
Lint Typecheck Security	Install	2026-02-26T08:33:55.3597355Z pip install pre-commit
Lint Typecheck Security	Install	2026-02-26T08:33:55.6468227Z Requirement already satisfied: pre-commit in /opt/hostedtoolcache/Python/3.11.14/x64/lib/python3.11/site-packages (4.5.1)
Lint Typecheck Security	Install	2026-02-26T08:33:55.6476575Z Requirement already satisfied: cfgv>=2.0.0 in /opt/hostedtoolcache/Python/3.11.14/x64/lib/python3.11/site-packages (from pre-commit) (3.5.0)
Lint Typecheck Security	Install	2026-02-26T08:33:55.6481324Z Requirement already satisfied: identify>=1.0.0 in /opt/hostedtoolcache/Python/3.11.14/x64/lib/python3.11/site-packages (from pre-commit) (2.6.16)
Lint Typecheck Security	Install	2026-02-26T08:33:55.6485961Z Requirement already satisfied: nodeenv>=0.11.1 in /opt/hostedtoolcache/Python/3.11.14/x64/lib/python3.11/site-packages (from pre-commit) (1.10.0)
Lint Typecheck Security	Install	2026-02-26T08:33:55.6490326Z Requirement already satisfied: pyyaml>=5.1 in /opt/hostedtoolcache/Python/3.11.14/x64/lib/python3.11/site-packages (from pre-commit) (6.0.3)
Lint Typecheck Security	Install	2026-02-26T08:33:55.6494377Z Requirement already satisfied: virtualenv>=20.10.0 in /opt/hostedtoolcache/Python/3.11.14/x64/lib/python3.11/site-packages (from pre-commit) (21.0.0)
Lint Typecheck Security	Install	2026-02-26T08:33:55.6522453Z Requirement already satisfied: distlib<1,>=0.3.7 in /opt/hostedtoolcache/Python/3.11.14/x64/lib/python3.11/site-packages (from virtualenv>=20.10.0->pre-commit) (0.4.0)
Lint Typecheck Security	Install	2026-02-26T08:33:55.6529974Z Requirement already satisfied: filelock<4,>=3.24.2 in /opt/hostedtoolcache/Python/3.11.14/x64/lib/python3.11/site-packages (from virtualenv>=20.10.0->pre-commit) (3.24.3)
Lint Typecheck Security	Install	2026-02-26T08:33:55.6535907Z Requirement already satisfied: platformdirs<5,>=3.9.1 in /opt/hostedtoolcache/Python/3.11.14/x64/lib/python3.11/site-packages (from virtualenv>=20.10.0->pre-commit) (4.9.2)
Lint Typecheck Security	Install	2026-02-26T08:33:55.6539490Z Requirement already satisfied: python-discovery>=1 in /opt/hostedtoolcache/Python/3.11.14/x64/lib/python3.11/site-packages (from virtualenv>=20.10.0->pre-commit) (1.0.0)
Lint Typecheck Security	Install	2026-02-26T08:33:55.7535051Z pre-commit install
Lint Typecheck Security	Install	2026-02-26T08:33:55.8894328Z pre-commit installed at .git/hooks/pre-commit
Lint Typecheck Security	Verify Dependencies	ï»¿2026-02-26T08:33:55.9100574Z ##[group]Run python -m pip check
Lint Typecheck Security	Verify Dependencies	2026-02-26T08:33:55.9100894Z [36;1mpython -m pip check[0m
Lint Typecheck Security	Verify Dependencies	2026-02-26T08:33:55.9130798Z shell: /usr/bin/bash -e {0}
Lint Typecheck Security	Verify Dependencies	2026-02-26T08:33:55.9131053Z env:
Lint Typecheck Security	Verify Dependencies	2026-02-26T08:33:55.9131257Z   PIP_DISABLE_PIP_VERSION_CHECK: 1
Lint Typecheck Security	Verify Dependencies	2026-02-26T08:33:55.9131502Z   PYTHONUNBUFFERED: 1
Lint Typecheck Security	Verify Dependencies	2026-02-26T08:33:55.9131708Z   PYTHON_VERSION: 3.11
Lint Typecheck Security	Verify Dependencies	2026-02-26T08:33:55.9131973Z   pythonLocation: /opt/hostedtoolcache/Python/3.11.14/x64
Lint Typecheck Security	Verify Dependencies	2026-02-26T08:33:55.9132380Z   PKG_CONFIG_PATH: /opt/hostedtoolcache/Python/3.11.14/x64/lib/pkgconfig
Lint Typecheck Security	Verify Dependencies	2026-02-26T08:33:55.9132769Z   Python_ROOT_DIR: /opt/hostedtoolcache/Python/3.11.14/x64
Lint Typecheck Security	Verify Dependencies	2026-02-26T08:33:55.9133112Z   Python2_ROOT_DIR: /opt/hostedtoolcache/Python/3.11.14/x64
Lint Typecheck Security	Verify Dependencies	2026-02-26T08:33:55.9133467Z   Python3_ROOT_DIR: /opt/hostedtoolcache/Python/3.11.14/x64
Lint Typecheck Security	Verify Dependencies	2026-02-26T08:33:55.9133819Z   LD_LIBRARY_PATH: /opt/hostedtoolcache/Python/3.11.14/x64/lib
Lint Typecheck Security	Verify Dependencies	2026-02-26T08:33:55.9134110Z ##[endgroup]
Lint Typecheck Security	Verify Dependencies	2026-02-26T08:33:56.1575919Z No broken requirements found.
Lint Typecheck Security	Lint	ï»¿2026-02-26T08:33:56.1930059Z ##[group]Run make lint
Lint Typecheck Security	Lint	2026-02-26T08:33:56.1930331Z [36;1mmake lint[0m
Lint Typecheck Security	Lint	2026-02-26T08:33:56.1962494Z shell: /usr/bin/bash -e {0}
Lint Typecheck Security	Lint	2026-02-26T08:33:56.1962745Z env:
Lint Typecheck Security	Lint	2026-02-26T08:33:56.1962941Z   PIP_DISABLE_PIP_VERSION_CHECK: 1
Lint Typecheck Security	Lint	2026-02-26T08:33:56.1963199Z   PYTHONUNBUFFERED: 1
Lint Typecheck Security	Lint	2026-02-26T08:33:56.1963404Z   PYTHON_VERSION: 3.11
Lint Typecheck Security	Lint	2026-02-26T08:33:56.1963661Z   pythonLocation: /opt/hostedtoolcache/Python/3.11.14/x64
Lint Typecheck Security	Lint	2026-02-26T08:33:56.1964051Z   PKG_CONFIG_PATH: /opt/hostedtoolcache/Python/3.11.14/x64/lib/pkgconfig
Lint Typecheck Security	Lint	2026-02-26T08:33:56.1964442Z   Python_ROOT_DIR: /opt/hostedtoolcache/Python/3.11.14/x64
Lint Typecheck Security	Lint	2026-02-26T08:33:56.1964781Z   Python2_ROOT_DIR: /opt/hostedtoolcache/Python/3.11.14/x64
Lint Typecheck Security	Lint	2026-02-26T08:33:56.1965124Z   Python3_ROOT_DIR: /opt/hostedtoolcache/Python/3.11.14/x64
Lint Typecheck Security	Lint	2026-02-26T08:33:56.1965476Z   LD_LIBRARY_PATH: /opt/hostedtoolcache/Python/3.11.14/x64/lib
Lint Typecheck Security	Lint	2026-02-26T08:33:56.1965766Z ##[endgroup]
Lint Typecheck Security	Lint	2026-02-26T08:33:56.2029314Z ruff check .
Lint Typecheck Security	Lint	2026-02-26T08:33:56.2198134Z All checks passed!
Lint Typecheck Security	Lint	2026-02-26T08:33:56.2204493Z ruff format --check .
Lint Typecheck Security	Lint	2026-02-26T08:33:56.2397692Z Would reformat: app/enterprise_readiness.py
Lint Typecheck Security	Lint	2026-02-26T08:33:56.2398305Z 1 file would be reformatted, 111 files already formatted
Lint Typecheck Security	Lint	2026-02-26T08:33:56.2404547Z make: *** [Makefile:62: lint] Error 1
Lint Typecheck Security	Lint	2026-02-26T08:33:56.2418919Z ##[error]Process completed with exit code 2.
Lint Typecheck Security	Post Run actions/checkout@v6	ï»¿2026-02-26T08:33:56.2532721Z Post job cleanup.
Lint Typecheck Security	Post Run actions/checkout@v6	2026-02-26T08:33:56.3423768Z [command]/usr/bin/git version
Lint Typecheck Security	Post Run actions/checkout@v6	2026-02-26T08:33:56.3488781Z git version 2.53.0
Lint Typecheck Security	Post Run actions/checkout@v6	2026-02-26T08:33:56.3543986Z Temporarily overriding HOME='/home/runner/work/_temp/d6ca425c-ad40-4bd1-934c-ef272e272de3' before making global git config changes
Lint Typecheck Security	Post Run actions/checkout@v6	2026-02-26T08:33:56.3545139Z Adding repository directory to the temporary git global config as a safe directory
Lint Typecheck Security	Post Run actions/checkout@v6	2026-02-26T08:33:56.3552418Z [command]/usr/bin/git config --global --add safe.directory /home/runner/work/lotus-performance/lotus-performance
Lint Typecheck Security	Post Run actions/checkout@v6	2026-02-26T08:33:56.3749801Z Removing SSH command configuration
Lint Typecheck Security	Post Run actions/checkout@v6	2026-02-26T08:33:56.3752129Z [command]/usr/bin/git config --local --name-only --get-regexp core\.sshCommand
Lint Typecheck Security	Post Run actions/checkout@v6	2026-02-26T08:33:56.3754222Z [command]/usr/bin/git submodule foreach --recursive sh -c "git config --local --name-only --get-regexp 'core\.sshCommand' && git config --local --unset-all 'core.sshCommand' || :"
Lint Typecheck Security	Post Run actions/checkout@v6	2026-02-26T08:33:56.3890703Z Removing HTTP extra header
Lint Typecheck Security	Post Run actions/checkout@v6	2026-02-26T08:33:56.3896318Z [command]/usr/bin/git config --local --name-only --get-regexp http\.https\:\/\/github\.com\/\.extraheader
Lint Typecheck Security	Post Run actions/checkout@v6	2026-02-26T08:33:56.3927271Z [command]/usr/bin/git submodule foreach --recursive sh -c "git config --local --name-only --get-regexp 'http\.https\:\/\/github\.com\/\.extraheader' && git config --local --unset-all 'http.https://github.com/.extraheader' || :"
Lint Typecheck Security	Post Run actions/checkout@v6	2026-02-26T08:33:56.4114888Z Removing includeIf entries pointing to credentials config files
Lint Typecheck Security	Post Run actions/checkout@v6	2026-02-26T08:33:56.4121945Z [command]/usr/bin/git config --local --name-only --get-regexp ^includeIf\.gitdir:
Lint Typecheck Security	Post Run actions/checkout@v6	2026-02-26T08:33:56.4144472Z includeif.gitdir:/home/runner/work/lotus-performance/lotus-performance/.git.path
Lint Typecheck Security	Post Run actions/checkout@v6	2026-02-26T08:33:56.4145490Z includeif.gitdir:/home/runner/work/lotus-performance/lotus-performance/.git/worktrees/*.path
Lint Typecheck Security	Post Run actions/checkout@v6	2026-02-26T08:33:56.4146237Z includeif.gitdir:/github/workspace/.git.path
Lint Typecheck Security	Post Run actions/checkout@v6	2026-02-26T08:33:56.4146794Z includeif.gitdir:/github/workspace/.git/worktrees/*.path
Lint Typecheck Security	Post Run actions/checkout@v6	2026-02-26T08:33:56.4154192Z [command]/usr/bin/git config --local --get-all includeif.gitdir:/home/runner/work/lotus-performance/lotus-performance/.git.path
Lint Typecheck Security	Post Run actions/checkout@v6	2026-02-26T08:33:56.4172188Z /home/runner/work/_temp/git-credentials-6a2f5446-4a7f-4054-ba2f-f195897c6cd5.config
Lint Typecheck Security	Post Run actions/checkout@v6	2026-02-26T08:33:56.4181424Z [command]/usr/bin/git config --local --unset includeif.gitdir:/home/runner/work/lotus-performance/lotus-performance/.git.path /home/runner/work/_temp/git-credentials-6a2f5446-4a7f-4054-ba2f-f195897c6cd5.config
Lint Typecheck Security	Post Run actions/checkout@v6	2026-02-26T08:33:56.4210158Z [command]/usr/bin/git config --local --get-all includeif.gitdir:/home/runner/work/lotus-performance/lotus-performance/.git/worktrees/*.path
Lint Typecheck Security	Post Run actions/checkout@v6	2026-02-26T08:33:56.4228349Z /home/runner/work/_temp/git-credentials-6a2f5446-4a7f-4054-ba2f-f195897c6cd5.config
Lint Typecheck Security	Post Run actions/checkout@v6	2026-02-26T08:33:56.4236509Z [command]/usr/bin/git config --local --unset includeif.gitdir:/home/runner/work/lotus-performance/lotus-performance/.git/worktrees/*.path /home/runner/work/_temp/git-credentials-6a2f5446-4a7f-4054-ba2f-f195897c6cd5.config
Lint Typecheck Security	Post Run actions/checkout@v6	2026-02-26T08:33:56.4262856Z [command]/usr/bin/git config --local --get-all includeif.gitdir:/github/workspace/.git.path
Lint Typecheck Security	Post Run actions/checkout@v6	2026-02-26T08:33:56.4280324Z /github/runner_temp/git-credentials-6a2f5446-4a7f-4054-ba2f-f195897c6cd5.config
Lint Typecheck Security	Post Run actions/checkout@v6	2026-02-26T08:33:56.4286456Z [command]/usr/bin/git config --local --unset includeif.gitdir:/github/workspace/.git.path /github/runner_temp/git-credentials-6a2f5446-4a7f-4054-ba2f-f195897c6cd5.config
Lint Typecheck Security	Post Run actions/checkout@v6	2026-02-26T08:33:56.4311495Z [command]/usr/bin/git config --local --get-all includeif.gitdir:/github/workspace/.git/worktrees/*.path
Lint Typecheck Security	Post Run actions/checkout@v6	2026-02-26T08:33:56.4330844Z /github/runner_temp/git-credentials-6a2f5446-4a7f-4054-ba2f-f195897c6cd5.config
Lint Typecheck Security	Post Run actions/checkout@v6	2026-02-26T08:33:56.4338459Z [command]/usr/bin/git config --local --unset includeif.gitdir:/github/workspace/.git/worktrees/*.path /github/runner_temp/git-credentials-6a2f5446-4a7f-4054-ba2f-f195897c6cd5.config
Lint Typecheck Security	Post Run actions/checkout@v6	2026-02-26T08:33:56.4366122Z [command]/usr/bin/git submodule foreach --recursive git config --local --show-origin --name-only --get-regexp remote.origin.url
Lint Typecheck Security	Post Run actions/checkout@v6	2026-02-26T08:33:56.4581519Z Removing credentials config '/home/runner/work/_temp/git-credentials-6a2f5446-4a7f-4054-ba2f-f195897c6cd5.config'
Lint Typecheck Security	Complete job	ï»¿2026-02-26T08:33:56.4690402Z Cleaning up orphan processes
